Created from template: |append [ot_log-%y-%m-%d_%H_%M_%s.log] 
Number of records: 100000
Lifetime: unlimited
Log format:
date time severity {session id} <category> [source]
label: message
===================================================

2026-Sep-22 11:52:05.675 ALW {N/A} <N/A> [OptimComponents Core]
========== Log start ==========

2026-Sep-22 11:52:05.675 INFO {N/A} <N/A> [OptimComponents Core]
Created session with ID 'vxmlDialog_0'.

2026-Sep-22 11:52:05.731 INFO {vxmlDialog_0} <Interpretation tracking> [VoiceXML interpreter]
Preparing document 'file:/C:/Users/hml4654a/Documents/5A-DOHM/AGENDA_V0/AGENDA_V0/gestion_agenda_v0.vxml'.

2026-Sep-22 11:52:05.739 INFO {vxmlDialog_0} <Interpretation tracking> [VoiceXML interpreter]
Preparing of document 'file:/C:/Users/hml4654a/Documents/5A-DOHM/AGENDA_V0/AGENDA_V0/gestion_agenda_v0.vxml' completed.
  result = success

2026-Sep-22 11:52:05.739 INFO {vxmlDialog_0} <Interpretation tracking> [VoiceXML interpreter]
Interpreting document 'file:/C:/Users/hml4654a/Documents/5A-DOHM/AGENDA_V0/AGENDA_V0/gestion_agenda_v0.vxml'

2026-Sep-22 11:52:05.739 INFO {vxmlDialog_0} <Interpretation tracking> [VoiceXML interpreter]
Interpreting <form> with id 'agenda'; line 23; column 1.

2026-Sep-22 11:52:05.739 INFO {vxmlDialog_0} <Interpretation tracking> [VoiceXML interpreter]
Interpreting <block>; line 40; column 1.

2026-Sep-22 11:52:05.747 INFO {vxmlDialog_0} <Interpretation tracking> [VoiceXML interpreter]
Interpreting <field> with name 'num_abonne'; line 48; column 1.

2026-Sep-22 11:52:05.762 INFO {vxmlDialog_0} <Interpretation tracking> [VoiceXML interpreter]
Waiting for user's input.

2026-Sep-22 11:52:13.769 INFO {vxmlDialog_0} <Interpretation tracking> [VoiceXML interpreter]
An event 'noinput' was added to the event queue

2026-Sep-22 11:52:13.769 INFO {vxmlDialog_0} <Interpretation tracking> [VoiceXML interpreter]
User's input collection completed.

2026-Sep-22 11:52:13.769 INFO {vxmlDialog_0} <Interpretation tracking> [VoiceXML interpreter]
Processing event 'noinput'.
  Event origin = document 'file:/C:/Users/hml4654a/Documents/5A-DOHM/AGENDA_V0/AGENDA_V0/gestion_agenda_v0.vxml'; line 48
  Handler location = document 'file:/C:/Users/hml4654a/Documents/5A-DOHM/AGENDA_V0/AGENDA_V0/gestion_agenda_v0.vxml'; line 57, column 10

2026-Sep-22 11:52:13.772 INFO {vxmlDialog_0} <Interpretation tracking> [VoiceXML interpreter]
Interpreting <field> with name 'num_abonne'; line 48; column 1.

2026-Sep-22 11:52:13.772 INFO {vxmlDialog_0} <Interpretation tracking> [VoiceXML interpreter]
Waiting for user's input.

2026-Sep-22 11:52:24.828 INFO {vxmlDialog_0} <Interpretation tracking> [VoiceXML interpreter]
User's input collection completed.

2026-Sep-22 11:52:24.831 INFO {vxmlDialog_0} <Interpretation tracking> [VoiceXML interpreter]
The following input was collected:
  utterance = douze
  confidence = 1
  mode = voice

2026-Sep-22 11:52:24.833 INFO {vxmlDialog_0} <Interpretation tracking> [VoiceXML interpreter]
Interpreting <filled>; line 61; column 3.

2026-Sep-22 11:52:24.833 INFO {vxmlDialog_0} <Interpretation tracking> [VoiceXML interpreter]
Interpreting <field> with name 'confirm'; line 70; column 3.

2026-Sep-22 11:52:24.841 INFO {vxmlDialog_0} <Interpretation tracking> [VoiceXML interpreter]
Waiting for user's input.

2026-Sep-22 11:52:32.857 INFO {vxmlDialog_0} <Interpretation tracking> [VoiceXML interpreter]
An event 'noinput' was added to the event queue

2026-Sep-22 11:52:32.857 INFO {vxmlDialog_0} <Interpretation tracking> [VoiceXML interpreter]
User's input collection completed.

2026-Sep-22 11:52:32.857 INFO {vxmlDialog_0} <Interpretation tracking> [VoiceXML interpreter]
Processing event 'noinput'.
  Event origin = document 'file:/C:/Users/hml4654a/Documents/5A-DOHM/AGENDA_V0/AGENDA_V0/gestion_agenda_v0.vxml'; line 70
  Handler location = document 'file:/C:/Users/hml4654a/Documents/5A-DOHM/AGENDA_V0/AGENDA_V0/gestion_agenda_v0.vxml'; line 78, column 10

2026-Sep-22 11:52:32.857 INFO {vxmlDialog_0} <Interpretation tracking> [VoiceXML interpreter]
Interpreting <field> with name 'confirm'; line 70; column 3.

2026-Sep-22 11:52:32.857 INFO {vxmlDialog_0} <Interpretation tracking> [VoiceXML interpreter]
Waiting for user's input.

2026-Sep-22 11:52:41.928 INFO {vxmlDialog_0} <Interpretation tracking> [VoiceXML interpreter]
User's input collection completed.

2026-Sep-22 11:52:41.928 INFO {vxmlDialog_0} <Interpretation tracking> [VoiceXML interpreter]
The following input was collected:
  utterance = douze
  confidence = 1
  mode = voice

2026-Sep-22 11:52:41.928 INFO {vxmlDialog_0} <Interpretation tracking> [VoiceXML interpreter]
An event 'nomatch' was added to the event queue

2026-Sep-22 11:52:41.928 INFO {vxmlDialog_0} <Interpretation tracking> [VoiceXML interpreter]
Processing event 'nomatch'.
  Event origin = document 'file:/C:/Users/hml4654a/Documents/5A-DOHM/AGENDA_V0/AGENDA_V0/gestion_agenda_v0.vxml'; line 70
  Handler location = document 'file:/C:/Users/hml4654a/Documents/5A-DOHM/AGENDA_V0/AGENDA_V0/gestion_agenda_v0.vxml'; line 79, column 10

2026-Sep-22 11:52:41.928 INFO {vxmlDialog_0} <Interpretation tracking> [VoiceXML interpreter]
Interpreting <field> with name 'confirm'; line 70; column 3.

2026-Sep-22 11:52:41.928 INFO {vxmlDialog_0} <Interpretation tracking> [VoiceXML interpreter]
Waiting for user's input.

2026-Sep-22 11:52:49.943 INFO {vxmlDialog_0} <Interpretation tracking> [VoiceXML interpreter]
An event 'noinput' was added to the event queue

2026-Sep-22 11:52:49.943 INFO {vxmlDialog_0} <Interpretation tracking> [VoiceXML interpreter]
User's input collection completed.

2026-Sep-22 11:52:49.943 INFO {vxmlDialog_0} <Interpretation tracking> [VoiceXML interpreter]
Processing event 'noinput'.
  Event origin = document 'file:/C:/Users/hml4654a/Documents/5A-DOHM/AGENDA_V0/AGENDA_V0/gestion_agenda_v0.vxml'; line 70
  Handler location = document 'file:/C:/Users/hml4654a/Documents/5A-DOHM/AGENDA_V0/AGENDA_V0/gestion_agenda_v0.vxml'; line 78, column 10

2026-Sep-22 11:52:49.943 INFO {vxmlDialog_0} <Interpretation tracking> [VoiceXML interpreter]
Interpreting <field> with name 'confirm'; line 70; column 3.

2026-Sep-22 11:52:49.943 INFO {vxmlDialog_0} <Interpretation tracking> [VoiceXML interpreter]
Waiting for user's input.

2026-Sep-22 11:52:57.952 INFO {vxmlDialog_0} <Interpretation tracking> [VoiceXML interpreter]
An event 'noinput' was added to the event queue

2026-Sep-22 11:52:57.952 INFO {vxmlDialog_0} <Interpretation tracking> [VoiceXML interpreter]
User's input collection completed.

2026-Sep-22 11:52:57.952 INFO {vxmlDialog_0} <Interpretation tracking> [VoiceXML interpreter]
Processing event 'noinput'.
  Event origin = document 'file:/C:/Users/hml4654a/Documents/5A-DOHM/AGENDA_V0/AGENDA_V0/gestion_agenda_v0.vxml'; line 70
  Handler location = document 'file:/C:/Users/hml4654a/Documents/5A-DOHM/AGENDA_V0/AGENDA_V0/gestion_agenda_v0.vxml'; line 78, column 10

2026-Sep-22 11:52:57.952 INFO {vxmlDialog_0} <Interpretation tracking> [VoiceXML interpreter]
Interpreting <field> with name 'confirm'; line 70; column 3.

2026-Sep-22 11:52:57.952 INFO {vxmlDialog_0} <Interpretation tracking> [VoiceXML interpreter]
Waiting for user's input.

2026-Sep-22 11:53:05.962 INFO {vxmlDialog_0} <Interpretation tracking> [VoiceXML interpreter]
An event 'noinput' was added to the event queue

2026-Sep-22 11:53:05.962 INFO {vxmlDialog_0} <Interpretation tracking> [VoiceXML interpreter]
User's input collection completed.

2026-Sep-22 11:53:05.962 INFO {vxmlDialog_0} <Interpretation tracking> [VoiceXML interpreter]
Processing event 'noinput'.
  Event origin = document 'file:/C:/Users/hml4654a/Documents/5A-DOHM/AGENDA_V0/AGENDA_V0/gestion_agenda_v0.vxml'; line 70
  Handler location = document 'file:/C:/Users/hml4654a/Documents/5A-DOHM/AGENDA_V0/AGENDA_V0/gestion_agenda_v0.vxml'; line 78, column 10

2026-Sep-22 11:53:05.962 INFO {vxmlDialog_0} <Interpretation tracking> [VoiceXML interpreter]
Interpreting <field> with name 'confirm'; line 70; column 3.

2026-Sep-22 11:53:05.962 INFO {vxmlDialog_0} <Interpretation tracking> [VoiceXML interpreter]
Waiting for user's input.

2026-Sep-22 11:53:13.969 INFO {vxmlDialog_0} <Interpretation tracking> [VoiceXML interpreter]
An event 'noinput' was added to the event queue

2026-Sep-22 11:53:13.969 INFO {vxmlDialog_0} <Interpretation tracking> [VoiceXML interpreter]
User's input collection completed.

2026-Sep-22 11:53:13.970 INFO {vxmlDialog_0} <Interpretation tracking> [VoiceXML interpreter]
Processing event 'noinput'.
  Event origin = document 'file:/C:/Users/hml4654a/Documents/5A-DOHM/AGENDA_V0/AGENDA_V0/gestion_agenda_v0.vxml'; line 70
  Handler location = document 'file:/C:/Users/hml4654a/Documents/5A-DOHM/AGENDA_V0/AGENDA_V0/gestion_agenda_v0.vxml'; line 78, column 10

2026-Sep-22 11:53:13.971 INFO {vxmlDialog_0} <Interpretation tracking> [VoiceXML interpreter]
Interpreting <field> with name 'confirm'; line 70; column 3.

2026-Sep-22 11:53:13.971 INFO {vxmlDialog_0} <Interpretation tracking> [VoiceXML interpreter]
Waiting for user's input.

2026-Sep-22 11:53:21.980 INFO {vxmlDialog_0} <Interpretation tracking> [VoiceXML interpreter]
An event 'noinput' was added to the event queue

2026-Sep-22 11:53:21.980 INFO {vxmlDialog_0} <Interpretation tracking> [VoiceXML interpreter]
User's input collection completed.

2026-Sep-22 11:53:21.980 INFO {vxmlDialog_0} <Interpretation tracking> [VoiceXML interpreter]
Processing event 'noinput'.
  Event origin = document 'file:/C:/Users/hml4654a/Documents/5A-DOHM/AGENDA_V0/AGENDA_V0/gestion_agenda_v0.vxml'; line 70
  Handler location = document 'file:/C:/Users/hml4654a/Documents/5A-DOHM/AGENDA_V0/AGENDA_V0/gestion_agenda_v0.vxml'; line 78, column 10

2026-Sep-22 11:53:21.981 INFO {vxmlDialog_0} <Interpretation tracking> [VoiceXML interpreter]
Interpreting <field> with name 'confirm'; line 70; column 3.

2026-Sep-22 11:53:21.981 INFO {vxmlDialog_0} <Interpretation tracking> [VoiceXML interpreter]
Waiting for user's input.

2026-Sep-22 11:53:29.995 INFO {vxmlDialog_0} <Interpretation tracking> [VoiceXML interpreter]
An event 'noinput' was added to the event queue

2026-Sep-22 11:53:29.995 INFO {vxmlDialog_0} <Interpretation tracking> [VoiceXML interpreter]
User's input collection completed.

2026-Sep-22 11:53:29.995 INFO {vxmlDialog_0} <Interpretation tracking> [VoiceXML interpreter]
Processing event 'noinput'.
  Event origin = document 'file:/C:/Users/hml4654a/Documents/5A-DOHM/AGENDA_V0/AGENDA_V0/gestion_agenda_v0.vxml'; line 70
  Handler location = document 'file:/C:/Users/hml4654a/Documents/5A-DOHM/AGENDA_V0/AGENDA_V0/gestion_agenda_v0.vxml'; line 78, column 10

2026-Sep-22 11:53:29.997 INFO {vxmlDialog_0} <Interpretation tracking> [VoiceXML interpreter]
Interpreting <field> with name 'confirm'; line 70; column 3.

2026-Sep-22 11:53:29.998 INFO {vxmlDialog_0} <Interpretation tracking> [VoiceXML interpreter]
Waiting for user's input.

2026-Sep-22 11:53:38.000 INFO {vxmlDialog_0} <Interpretation tracking> [VoiceXML interpreter]
An event 'noinput' was added to the event queue

2026-Sep-22 11:53:38.000 INFO {vxmlDialog_0} <Interpretation tracking> [VoiceXML interpreter]
User's input collection completed.

2026-Sep-22 11:53:38.000 INFO {vxmlDialog_0} <Interpretation tracking> [VoiceXML interpreter]
Processing event 'noinput'.
  Event origin = document 'file:/C:/Users/hml4654a/Documents/5A-DOHM/AGENDA_V0/AGENDA_V0/gestion_agenda_v0.vxml'; line 70
  Handler location = document 'file:/C:/Users/hml4654a/Documents/5A-DOHM/AGENDA_V0/AGENDA_V0/gestion_agenda_v0.vxml'; line 78, column 10

2026-Sep-22 11:53:38.002 INFO {vxmlDialog_0} <Interpretation tracking> [VoiceXML interpreter]
Interpreting <field> with name 'confirm'; line 70; column 3.

2026-Sep-22 11:53:38.002 INFO {vxmlDialog_0} <Interpretation tracking> [VoiceXML interpreter]
Waiting for user's input.

2026-Sep-22 11:53:46.011 INFO {vxmlDialog_0} <Interpretation tracking> [VoiceXML interpreter]
An event 'noinput' was added to the event queue

2026-Sep-22 11:53:46.011 INFO {vxmlDialog_0} <Interpretation tracking> [VoiceXML interpreter]
User's input collection completed.

2026-Sep-22 11:53:46.011 INFO {vxmlDialog_0} <Interpretation tracking> [VoiceXML interpreter]
Processing event 'noinput'.
  Event origin = document 'file:/C:/Users/hml4654a/Documents/5A-DOHM/AGENDA_V0/AGENDA_V0/gestion_agenda_v0.vxml'; line 70
  Handler location = document 'file:/C:/Users/hml4654a/Documents/5A-DOHM/AGENDA_V0/AGENDA_V0/gestion_agenda_v0.vxml'; line 78, column 10

2026-Sep-22 11:53:46.012 INFO {vxmlDialog_0} <Interpretation tracking> [VoiceXML interpreter]
Interpreting <field> with name 'confirm'; line 70; column 3.

2026-Sep-22 11:53:46.012 INFO {vxmlDialog_0} <Interpretation tracking> [VoiceXML interpreter]
Waiting for user's input.

2026-Sep-22 11:53:54.017 INFO {vxmlDialog_0} <Interpretation tracking> [VoiceXML interpreter]
An event 'noinput' was added to the event queue

2026-Sep-22 11:53:54.017 INFO {vxmlDialog_0} <Interpretation tracking> [VoiceXML interpreter]
User's input collection completed.

2026-Sep-22 11:53:54.017 INFO {vxmlDialog_0} <Interpretation tracking> [VoiceXML interpreter]
Processing event 'noinput'.
  Event origin = document 'file:/C:/Users/hml4654a/Documents/5A-DOHM/AGENDA_V0/AGENDA_V0/gestion_agenda_v0.vxml'; line 70
  Handler location = document 'file:/C:/Users/hml4654a/Documents/5A-DOHM/AGENDA_V0/AGENDA_V0/gestion_agenda_v0.vxml'; line 78, column 10

2026-Sep-22 11:53:54.018 INFO {vxmlDialog_0} <Interpretation tracking> [VoiceXML interpreter]
Interpreting <field> with name 'confirm'; line 70; column 3.

2026-Sep-22 11:53:54.018 INFO {vxmlDialog_0} <Interpretation tracking> [VoiceXML interpreter]
Waiting for user's input.

2026-Sep-22 11:54:02.024 INFO {vxmlDialog_0} <Interpretation tracking> [VoiceXML interpreter]
An event 'noinput' was added to the event queue

2026-Sep-22 11:54:02.024 INFO {vxmlDialog_0} <Interpretation tracking> [VoiceXML interpreter]
User's input collection completed.

2026-Sep-22 11:54:02.026 INFO {vxmlDialog_0} <Interpretation tracking> [VoiceXML interpreter]
Processing event 'noinput'.
  Event origin = document 'file:/C:/Users/hml4654a/Documents/5A-DOHM/AGENDA_V0/AGENDA_V0/gestion_agenda_v0.vxml'; line 70
  Handler location = document 'file:/C:/Users/hml4654a/Documents/5A-DOHM/AGENDA_V0/AGENDA_V0/gestion_agenda_v0.vxml'; line 78, column 10

2026-Sep-22 11:54:02.027 INFO {vxmlDialog_0} <Interpretation tracking> [VoiceXML interpreter]
Interpreting <field> with name 'confirm'; line 70; column 3.

2026-Sep-22 11:54:02.027 INFO {vxmlDialog_0} <Interpretation tracking> [VoiceXML interpreter]
Waiting for user's input.

2026-Sep-22 11:54:10.034 INFO {vxmlDialog_0} <Interpretation tracking> [VoiceXML interpreter]
An event 'noinput' was added to the event queue

2026-Sep-22 11:54:10.034 INFO {vxmlDialog_0} <Interpretation tracking> [VoiceXML interpreter]
User's input collection completed.

2026-Sep-22 11:54:10.034 INFO {vxmlDialog_0} <Interpretation tracking> [VoiceXML interpreter]
Processing event 'noinput'.
  Event origin = document 'file:/C:/Users/hml4654a/Documents/5A-DOHM/AGENDA_V0/AGENDA_V0/gestion_agenda_v0.vxml'; line 70
  Handler location = document 'file:/C:/Users/hml4654a/Documents/5A-DOHM/AGENDA_V0/AGENDA_V0/gestion_agenda_v0.vxml'; line 78, column 10

2026-Sep-22 11:54:10.035 INFO {vxmlDialog_0} <Interpretation tracking> [VoiceXML interpreter]
Interpreting <field> with name 'confirm'; line 70; column 3.

2026-Sep-22 11:54:10.035 INFO {vxmlDialog_0} <Interpretation tracking> [VoiceXML interpreter]
Waiting for user's input.

2026-Sep-22 11:54:18.041 INFO {vxmlDialog_0} <Interpretation tracking> [VoiceXML interpreter]
An event 'noinput' was added to the event queue

2026-Sep-22 11:54:18.041 INFO {vxmlDialog_0} <Interpretation tracking> [VoiceXML interpreter]
User's input collection completed.

2026-Sep-22 11:54:18.041 INFO {vxmlDialog_0} <Interpretation tracking> [VoiceXML interpreter]
Processing event 'noinput'.
  Event origin = document 'file:/C:/Users/hml4654a/Documents/5A-DOHM/AGENDA_V0/AGENDA_V0/gestion_agenda_v0.vxml'; line 70
  Handler location = document 'file:/C:/Users/hml4654a/Documents/5A-DOHM/AGENDA_V0/AGENDA_V0/gestion_agenda_v0.vxml'; line 78, column 10

2026-Sep-22 11:54:18.043 INFO {vxmlDialog_0} <Interpretation tracking> [VoiceXML interpreter]
Interpreting <field> with name 'confirm'; line 70; column 3.

2026-Sep-22 11:54:18.043 INFO {vxmlDialog_0} <Interpretation tracking> [VoiceXML interpreter]
Waiting for user's input.

2026-Sep-22 11:54:26.044 INFO {vxmlDialog_0} <Interpretation tracking> [VoiceXML interpreter]
An event 'noinput' was added to the event queue

2026-Sep-22 11:54:26.044 INFO {vxmlDialog_0} <Interpretation tracking> [VoiceXML interpreter]
User's input collection completed.

2026-Sep-22 11:54:26.044 INFO {vxmlDialog_0} <Interpretation tracking> [VoiceXML interpreter]
Processing event 'noinput'.
  Event origin = document 'file:/C:/Users/hml4654a/Documents/5A-DOHM/AGENDA_V0/AGENDA_V0/gestion_agenda_v0.vxml'; line 70
  Handler location = document 'file:/C:/Users/hml4654a/Documents/5A-DOHM/AGENDA_V0/AGENDA_V0/gestion_agenda_v0.vxml'; line 78, column 10

2026-Sep-22 11:54:26.044 INFO {vxmlDialog_0} <Interpretation tracking> [VoiceXML interpreter]
Interpreting <field> with name 'confirm'; line 70; column 3.

2026-Sep-22 11:54:26.044 INFO {vxmlDialog_0} <Interpretation tracking> [VoiceXML interpreter]
Waiting for user's input.

2026-Sep-22 11:54:34.058 INFO {vxmlDialog_0} <Interpretation tracking> [VoiceXML interpreter]
An event 'noinput' was added to the event queue

2026-Sep-22 11:54:34.058 INFO {vxmlDialog_0} <Interpretation tracking> [VoiceXML interpreter]
User's input collection completed.

2026-Sep-22 11:54:34.058 INFO {vxmlDialog_0} <Interpretation tracking> [VoiceXML interpreter]
Processing event 'noinput'.
  Event origin = document 'file:/C:/Users/hml4654a/Documents/5A-DOHM/AGENDA_V0/AGENDA_V0/gestion_agenda_v0.vxml'; line 70
  Handler location = document 'file:/C:/Users/hml4654a/Documents/5A-DOHM/AGENDA_V0/AGENDA_V0/gestion_agenda_v0.vxml'; line 78, column 10

2026-Sep-22 11:54:34.061 INFO {vxmlDialog_0} <Interpretation tracking> [VoiceXML interpreter]
Interpreting <field> with name 'confirm'; line 70; column 3.

2026-Sep-22 11:54:34.061 INFO {vxmlDialog_0} <Interpretation tracking> [VoiceXML interpreter]
Waiting for user's input.

2026-Sep-22 11:54:42.066 INFO {vxmlDialog_0} <Interpretation tracking> [VoiceXML interpreter]
An event 'noinput' was added to the event queue

2026-Sep-22 11:54:42.066 INFO {vxmlDialog_0} <Interpretation tracking> [VoiceXML interpreter]
User's input collection completed.

2026-Sep-22 11:54:42.066 INFO {vxmlDialog_0} <Interpretation tracking> [VoiceXML interpreter]
Processing event 'noinput'.
  Event origin = document 'file:/C:/Users/hml4654a/Documents/5A-DOHM/AGENDA_V0/AGENDA_V0/gestion_agenda_v0.vxml'; line 70
  Handler location = document 'file:/C:/Users/hml4654a/Documents/5A-DOHM/AGENDA_V0/AGENDA_V0/gestion_agenda_v0.vxml'; line 78, column 10

2026-Sep-22 11:54:42.070 INFO {vxmlDialog_0} <Interpretation tracking> [VoiceXML interpreter]
Interpreting <field> with name 'confirm'; line 70; column 3.

2026-Sep-22 11:54:42.070 INFO {vxmlDialog_0} <Interpretation tracking> [VoiceXML interpreter]
Waiting for user's input.

2026-Sep-22 11:54:43.236 INFO {vxmlDialog_0} <Interpretation tracking> [VoiceXML interpreter]
User's input collection completed.

2026-Sep-22 11:54:43.236 INFO {vxmlDialog_0} <Interpretation tracking> [VoiceXML interpreter]
The following input was collected:
  utterance = deux
  confidence = 1
  mode = voice

2026-Sep-22 11:54:43.236 INFO {vxmlDialog_0} <Interpretation tracking> [VoiceXML interpreter]
An event 'nomatch' was added to the event queue

2026-Sep-22 11:54:43.236 INFO {vxmlDialog_0} <Interpretation tracking> [VoiceXML interpreter]
Processing event 'nomatch'.
  Event origin = document 'file:/C:/Users/hml4654a/Documents/5A-DOHM/AGENDA_V0/AGENDA_V0/gestion_agenda_v0.vxml'; line 70
  Handler location = document 'file:/C:/Users/hml4654a/Documents/5A-DOHM/AGENDA_V0/AGENDA_V0/gestion_agenda_v0.vxml'; line 79, column 10

2026-Sep-22 11:54:43.236 INFO {vxmlDialog_0} <Interpretation tracking> [VoiceXML interpreter]
Interpreting <field> with name 'confirm'; line 70; column 3.

2026-Sep-22 11:54:43.236 INFO {vxmlDialog_0} <Interpretation tracking> [VoiceXML interpreter]
Waiting for user's input.

2026-Sep-22 11:54:49.699 INFO {vxmlDialog_0} <Interpretation tracking> [VoiceXML interpreter]
User's input collection completed.

2026-Sep-22 11:54:49.699 INFO {vxmlDialog_0} <Interpretation tracking> [VoiceXML interpreter]
The following input was collected:
  utterance = oui
  confidence = 1
  mode = voice

2026-Sep-22 11:54:49.699 INFO {vxmlDialog_0} <Interpretation tracking> [VoiceXML interpreter]
Interpreting <filled>; line 85; column 10.

2026-Sep-22 11:54:49.699 INFO {vxmlDialog_0} <Interpretation tracking> [VoiceXML interpreter]
Interpreting <block>; line 101; column 1.

2026-Sep-22 11:54:49.699 INFO {vxmlDialog_0} <Interpretation tracking> [VoiceXML interpreter]
Interpretation finished.
  value returned by <exit> = undefined
  value returned by <disconnect> = 
undefined

2026-Sep-22 11:54:49.815 INFO {N/A} <N/A> [OptimComponents Core]
Deleted session with ID 'vxmlDialog_0'.

