Created from template: |append [ot_log-%y-%m-%d_%H_%M_%s.log] 
Number of records: 100000
Lifetime: unlimited
Log format:
date time severity {session id} <category> [source]
label: message
===================================================

2026-Sep-30 16:44:17.323 ALW {N/A} <N/A> [OptimComponents Core]
========== Log start ==========

2026-Sep-30 16:44:17.323 INFO {N/A} <N/A> [OptimComponents Core]
Created session with ID 'vxmlDialog_0'.

2026-Sep-30 16:44:17.396 INFO {vxmlDialog_0} <Interpretation tracking> [VoiceXML interpreter]
Preparing document 'file:/C:/Users/hml4654a/Documents/5A-DOHM/AGENDA_V0/AGENDA_V0/gestion_agenda_v0.vxml'.

2026-Sep-30 16:44:17.407 INFO {vxmlDialog_0} <Interpretation tracking> [VoiceXML interpreter]
Preparing of document 'file:/C:/Users/hml4654a/Documents/5A-DOHM/AGENDA_V0/AGENDA_V0/gestion_agenda_v0.vxml' completed.
  result = success

2026-Sep-30 16:44:17.407 INFO {vxmlDialog_0} <Interpretation tracking> [VoiceXML interpreter]
Interpreting document 'file:/C:/Users/hml4654a/Documents/5A-DOHM/AGENDA_V0/AGENDA_V0/gestion_agenda_v0.vxml'

2026-Sep-30 16:44:17.407 INFO {vxmlDialog_0} <Interpretation tracking> [VoiceXML interpreter]
Interpreting <form> with id 'agenda'; line 23; column 1.

2026-Sep-30 16:44:17.407 INFO {vxmlDialog_0} <Interpretation tracking> [VoiceXML interpreter]
Interpreting <block>; line 40; column 1.

2026-Sep-30 16:44:17.407 INFO {vxmlDialog_0} <Interpretation tracking> [VoiceXML interpreter]
Interpreting <field> with name 'num_abonne'; line 48; column 1.

2026-Sep-30 16:44:17.417 INFO {vxmlDialog_0} <Interpretation tracking> [VoiceXML interpreter]
Waiting for user's input.

2026-Sep-30 16:44:18.948 INFO {vxmlDialog_0} <Interpretation tracking> [VoiceXML interpreter]
User's input collection completed.

2026-Sep-30 16:44:18.956 INFO {vxmlDialog_0} <Interpretation tracking> [VoiceXML interpreter]
The following input was collected:
  utterance = cent
  confidence = 1
  mode = voice

2026-Sep-30 16:44:18.956 INFO {vxmlDialog_0} <Interpretation tracking> [VoiceXML interpreter]
Interpreting <filled>; line 61; column 5.

2026-Sep-30 16:44:18.964 INFO {vxmlDialog_0} <Interpretation tracking> [VoiceXML interpreter]
Interpreting <field> with name 'confirm'; line 77; column 3.

2026-Sep-30 16:44:18.972 INFO {vxmlDialog_0} <Interpretation tracking> [VoiceXML interpreter]
Waiting for user's input.

2026-Sep-30 16:44:26.980 INFO {vxmlDialog_0} <Interpretation tracking> [VoiceXML interpreter]
An event 'noinput' was added to the event queue

2026-Sep-30 16:44:26.980 INFO {vxmlDialog_0} <Interpretation tracking> [VoiceXML interpreter]
User's input collection completed.

2026-Sep-30 16:44:26.982 INFO {vxmlDialog_0} <Interpretation tracking> [VoiceXML interpreter]
Processing event 'noinput'.
  Event origin = document 'file:/C:/Users/hml4654a/Documents/5A-DOHM/AGENDA_V0/AGENDA_V0/gestion_agenda_v0.vxml'; line 77
  Handler location = document 'file:/C:/Users/hml4654a/Documents/5A-DOHM/AGENDA_V0/AGENDA_V0/gestion_agenda_v0.vxml'; line 85, column 10

2026-Sep-30 16:44:26.983 INFO {vxmlDialog_0} <Interpretation tracking> [VoiceXML interpreter]
Interpreting <field> with name 'confirm'; line 77; column 3.

2026-Sep-30 16:44:26.983 INFO {vxmlDialog_0} <Interpretation tracking> [VoiceXML interpreter]
Waiting for user's input.

2026-Sep-30 16:44:34.988 INFO {vxmlDialog_0} <Interpretation tracking> [VoiceXML interpreter]
An event 'noinput' was added to the event queue

2026-Sep-30 16:44:34.988 INFO {vxmlDialog_0} <Interpretation tracking> [VoiceXML interpreter]
User's input collection completed.

2026-Sep-30 16:44:34.988 INFO {vxmlDialog_0} <Interpretation tracking> [VoiceXML interpreter]
Processing event 'noinput'.
  Event origin = document 'file:/C:/Users/hml4654a/Documents/5A-DOHM/AGENDA_V0/AGENDA_V0/gestion_agenda_v0.vxml'; line 77
  Handler location = document 'file:/C:/Users/hml4654a/Documents/5A-DOHM/AGENDA_V0/AGENDA_V0/gestion_agenda_v0.vxml'; line 85, column 10

2026-Sep-30 16:44:34.993 INFO {vxmlDialog_0} <Interpretation tracking> [VoiceXML interpreter]
Interpreting <field> with name 'confirm'; line 77; column 3.

2026-Sep-30 16:44:34.993 INFO {vxmlDialog_0} <Interpretation tracking> [VoiceXML interpreter]
Waiting for user's input.

2026-Sep-30 16:44:42.996 INFO {vxmlDialog_0} <Interpretation tracking> [VoiceXML interpreter]
An event 'noinput' was added to the event queue

2026-Sep-30 16:44:42.996 INFO {vxmlDialog_0} <Interpretation tracking> [VoiceXML interpreter]
User's input collection completed.

2026-Sep-30 16:44:42.997 INFO {vxmlDialog_0} <Interpretation tracking> [VoiceXML interpreter]
Processing event 'noinput'.
  Event origin = document 'file:/C:/Users/hml4654a/Documents/5A-DOHM/AGENDA_V0/AGENDA_V0/gestion_agenda_v0.vxml'; line 77
  Handler location = document 'file:/C:/Users/hml4654a/Documents/5A-DOHM/AGENDA_V0/AGENDA_V0/gestion_agenda_v0.vxml'; line 85, column 10

2026-Sep-30 16:44:42.999 INFO {vxmlDialog_0} <Interpretation tracking> [VoiceXML interpreter]
Interpreting <field> with name 'confirm'; line 77; column 3.

2026-Sep-30 16:44:42.999 INFO {vxmlDialog_0} <Interpretation tracking> [VoiceXML interpreter]
Waiting for user's input.

2026-Sep-30 16:44:51.012 INFO {vxmlDialog_0} <Interpretation tracking> [VoiceXML interpreter]
An event 'noinput' was added to the event queue

2026-Sep-30 16:44:51.012 INFO {vxmlDialog_0} <Interpretation tracking> [VoiceXML interpreter]
User's input collection completed.

2026-Sep-30 16:44:51.013 INFO {vxmlDialog_0} <Interpretation tracking> [VoiceXML interpreter]
Processing event 'noinput'.
  Event origin = document 'file:/C:/Users/hml4654a/Documents/5A-DOHM/AGENDA_V0/AGENDA_V0/gestion_agenda_v0.vxml'; line 77
  Handler location = document 'file:/C:/Users/hml4654a/Documents/5A-DOHM/AGENDA_V0/AGENDA_V0/gestion_agenda_v0.vxml'; line 85, column 10

2026-Sep-30 16:44:51.016 INFO {vxmlDialog_0} <Interpretation tracking> [VoiceXML interpreter]
Interpreting <field> with name 'confirm'; line 77; column 3.

2026-Sep-30 16:44:51.016 INFO {vxmlDialog_0} <Interpretation tracking> [VoiceXML interpreter]
Waiting for user's input.

2026-Sep-30 16:44:59.033 INFO {vxmlDialog_0} <Interpretation tracking> [VoiceXML interpreter]
An event 'noinput' was added to the event queue

2026-Sep-30 16:44:59.033 INFO {vxmlDialog_0} <Interpretation tracking> [VoiceXML interpreter]
User's input collection completed.

2026-Sep-30 16:44:59.033 INFO {vxmlDialog_0} <Interpretation tracking> [VoiceXML interpreter]
Processing event 'noinput'.
  Event origin = document 'file:/C:/Users/hml4654a/Documents/5A-DOHM/AGENDA_V0/AGENDA_V0/gestion_agenda_v0.vxml'; line 77
  Handler location = document 'file:/C:/Users/hml4654a/Documents/5A-DOHM/AGENDA_V0/AGENDA_V0/gestion_agenda_v0.vxml'; line 85, column 10

2026-Sep-30 16:44:59.034 INFO {vxmlDialog_0} <Interpretation tracking> [VoiceXML interpreter]
Interpreting <field> with name 'confirm'; line 77; column 3.

2026-Sep-30 16:44:59.034 INFO {vxmlDialog_0} <Interpretation tracking> [VoiceXML interpreter]
Waiting for user's input.

2026-Sep-30 16:45:07.050 INFO {vxmlDialog_0} <Interpretation tracking> [VoiceXML interpreter]
An event 'noinput' was added to the event queue

2026-Sep-30 16:45:07.050 INFO {vxmlDialog_0} <Interpretation tracking> [VoiceXML interpreter]
User's input collection completed.

2026-Sep-30 16:45:07.050 INFO {vxmlDialog_0} <Interpretation tracking> [VoiceXML interpreter]
Processing event 'noinput'.
  Event origin = document 'file:/C:/Users/hml4654a/Documents/5A-DOHM/AGENDA_V0/AGENDA_V0/gestion_agenda_v0.vxml'; line 77
  Handler location = document 'file:/C:/Users/hml4654a/Documents/5A-DOHM/AGENDA_V0/AGENDA_V0/gestion_agenda_v0.vxml'; line 85, column 10

2026-Sep-30 16:45:07.053 INFO {vxmlDialog_0} <Interpretation tracking> [VoiceXML interpreter]
Interpreting <field> with name 'confirm'; line 77; column 3.

2026-Sep-30 16:45:07.053 INFO {vxmlDialog_0} <Interpretation tracking> [VoiceXML interpreter]
Waiting for user's input.

2026-Sep-30 16:45:15.066 INFO {vxmlDialog_0} <Interpretation tracking> [VoiceXML interpreter]
An event 'noinput' was added to the event queue

2026-Sep-30 16:45:15.068 INFO {vxmlDialog_0} <Interpretation tracking> [VoiceXML interpreter]
User's input collection completed.

2026-Sep-30 16:45:15.068 INFO {vxmlDialog_0} <Interpretation tracking> [VoiceXML interpreter]
Processing event 'noinput'.
  Event origin = document 'file:/C:/Users/hml4654a/Documents/5A-DOHM/AGENDA_V0/AGENDA_V0/gestion_agenda_v0.vxml'; line 77
  Handler location = document 'file:/C:/Users/hml4654a/Documents/5A-DOHM/AGENDA_V0/AGENDA_V0/gestion_agenda_v0.vxml'; line 85, column 10

2026-Sep-30 16:45:15.070 INFO {vxmlDialog_0} <Interpretation tracking> [VoiceXML interpreter]
Interpreting <field> with name 'confirm'; line 77; column 3.

2026-Sep-30 16:45:15.070 INFO {vxmlDialog_0} <Interpretation tracking> [VoiceXML interpreter]
Waiting for user's input.

2026-Sep-30 16:45:20.552 INFO {vxmlDialog_0} <Interpretation tracking> [VoiceXML interpreter]
User's input collection completed.

2026-Sep-30 16:45:20.564 INFO {vxmlDialog_0} <Interpretation tracking> [VoiceXML interpreter]
The following input was collected:
  utterance = cent mille
  confidence = 1
  mode = voice

2026-Sep-30 16:45:20.564 INFO {vxmlDialog_0} <Interpretation tracking> [VoiceXML interpreter]
An event 'nomatch' was added to the event queue

2026-Sep-30 16:45:20.564 INFO {vxmlDialog_0} <Interpretation tracking> [VoiceXML interpreter]
Processing event 'nomatch'.
  Event origin = document 'file:/C:/Users/hml4654a/Documents/5A-DOHM/AGENDA_V0/AGENDA_V0/gestion_agenda_v0.vxml'; line 77
  Handler location = document 'file:/C:/Users/hml4654a/Documents/5A-DOHM/AGENDA_V0/AGENDA_V0/gestion_agenda_v0.vxml'; line 86, column 10

2026-Sep-30 16:45:20.568 INFO {vxmlDialog_0} <Interpretation tracking> [VoiceXML interpreter]
Interpreting <field> with name 'confirm'; line 77; column 3.

2026-Sep-30 16:45:20.568 INFO {vxmlDialog_0} <Interpretation tracking> [VoiceXML interpreter]
Waiting for user's input.

2026-Sep-30 16:45:25.764 INFO {vxmlDialog_0} <Interpretation tracking> [VoiceXML interpreter]
User has been disconnected.

2026-Sep-30 16:45:25.764 INFO {vxmlDialog_0} <Interpretation tracking> [VoiceXML interpreter]
An event 'connection.disconnect.hangup' was added to the event queue

2026-Sep-30 16:45:25.773 INFO {vxmlDialog_0} <Interpretation tracking> [VoiceXML interpreter]
User's input collection completed.

2026-Sep-30 16:45:25.773 INFO {vxmlDialog_0} <Interpretation tracking> [VoiceXML interpreter]
Processing event 'connection.disconnect.hangup'.
  Event origin = document 'file:/C:/Users/hml4654a/Documents/5A-DOHM/AGENDA_V0/AGENDA_V0/gestion_agenda_v0.vxml'
  Handler location = platform default handler

2026-Sep-30 16:45:25.775 INFO {vxmlDialog_0} <Interpretation tracking> [VoiceXML interpreter]
Interpretation finished.
  value returned by <exit> = 
{
}
  value returned by <disconnect> = 
undefined

2026-Sep-30 16:45:25.869 INFO {N/A} <N/A> [OptimComponents Core]
Deleted session with ID 'vxmlDialog_0'.

